// Jest Snapshot v1, https://goo.gl/fbAQLP

exports[`Test quotes page with snapshot Render quotes page correctly 1`] = `
<div>
  <p>
    Mathematics is not about numbers, equations, computations, or algorithms: it is about understanding. â€“William Paul Thurston
  </p>
</div>
`;
