// Jest Snapshot v1, https://goo.gl/fbAQLP

exports[`Render homepage correctly 1`] = `<home />`;
