// Jest Snapshot v1, https://goo.gl/fbAQLP

exports[`Test ButtonPanel with snapshots Renders ButtonPanel correctly 1`] = `
<div
  className="button-panel-container"
>
  <div
    className="row-number-0"
  >
    <button
      className="grey-bg"
      onClick={[Function]}
      type="button"
    >
      AC
    </button>
    <button
      className="grey-bg"
      onClick={[Function]}
      type="button"
    >
      +/-
    </button>
    <button
      className="grey-bg"
      onClick={[Function]}
      type="button"
    >
      %
    </button>
    <button
      className="orange-bg"
      onClick={[Function]}
      type="button"
    >
      รท
    </button>
  </div>
  <div
    className="row-number-1"
  >
    <button
      className="grey-bg"
      onClick={[Function]}
      type="button"
    >
      7
    </button>
    <button
      className="grey-bg"
      onClick={[Function]}
      type="button"
    >
      8
    </button>
    <button
      className="grey-bg"
      onClick={[Function]}
      type="button"
    >
      9
    </button>
    <button
      className="orange-bg"
      onClick={[Function]}
      type="button"
    >
      x
    </button>
  </div>
  <div
    className="row-number-2"
  >
    <button
      className="grey-bg"
      onClick={[Function]}
      type="button"
    >
      4
    </button>
    <button
      className="grey-bg"
      onClick={[Function]}
      type="button"
    >
      5
    </button>
    <button
      className="grey-bg"
      onClick={[Function]}
      type="button"
    >
      6
    </button>
    <button
      className="orange-bg"
      onClick={[Function]}
      type="button"
    >
      -
    </button>
  </div>
  <div
    className="row-number-3"
  >
    <button
      className="grey-bg"
      onClick={[Function]}
      type="button"
    >
      1
    </button>
    <button
      className="grey-bg"
      onClick={[Function]}
      type="button"
    >
      2
    </button>
    <button
      className="grey-bg"
      onClick={[Function]}
      type="button"
    >
      3
    </button>
    <button
      className="orange-bg"
      onClick={[Function]}
      type="button"
    >
      +
    </button>
  </div>
  <div
    className="row-number-4"
  >
    <button
      className="grey-bg"
      onClick={[Function]}
      type="button"
    >
      0
    </button>
    <button
      className="grey-bg"
      onClick={[Function]}
      type="button"
    >
      .
    </button>
    <button
      className="orange-bg"
      onClick={[Function]}
      type="button"
    >
      =
    </button>
  </div>
</div>
`;
